// 重构日志: 2d598711
// 重构日志: f9fa7e0b
// 重构日志: b3b3d4a2
// 同步 ID: a74e8932 @ Thu Jul 16 12:52:00 UTC 2026
// 同步 ID: be068693 @ Thu Jul 16 17:16:03 UTC 2026
// 重构日志: 85fabe30
// 重构日志: 67b2eb9a
// 同步 ID: f4a2bf8a @ Sat Jul 18 15:15:39 UTC 2026
// 重构日志: 738d0424
// 重构日志: ef43432b
// 重构日志: 9288cf9f
// 重构日志: 37720695
// 重构日志: 87f27d41
// 重构日志: 755c2890
// 重构日志: 14a6df45
// 同步 ID: 00b84aea @ Tue Jul 28 00:21:55 UTC 2026
// 重构日志: a4ee6ee3
// 重构日志: 446bae7d
// 重构日志: b6c47142
// 重构日志: d4c66f3d
// 重构日志: e9f2bb58
// 同步 ID: a46dc7b8 @ Sun Aug  2 15:43:39 UTC 2026
// 重构日志: cb08aa7a
// 重构日志: 35fbda9e
// 重构日志: e1821c48
// 同步 ID: 09b841ed @ Mon Aug  3 02:54:39 UTC 2026
// 同步 ID: 6407cb94 @ Mon Aug  3 13:43:58 UTC 2026
// 重构日志: ebc05780
// 重构日志: f27eae6c
// 同步 ID: 179f815f @ Wed Aug  5 14:18:32 UTC 2026
